// Jest Snapshot v1, https://goo.gl/fbAQLP

exports[`<Table /> renders correctly 1`] = `
ShallowWrapper {
  "length": 1,
  Symbol(enzyme.__root__): [Circular],
  Symbol(enzyme.__unrendered__): <Table />,
  Symbol(enzyme.__renderer__): Object {
    "batchedUpdates": [Function],
    "getNode": [Function],
    "render": [Function],
    "simulateEvent": [Function],
    "unmount": [Function],
  },
  Symbol(enzyme.__node__): Object {
    "instance": null,
    "key": undefined,
    "nodeType": "host",
    "props": Object {
      "children": Array [
        <Hand
          cards={
                    Array [
                              "00",
                              "00",
                            ]
          }
/>,
        <Interface
          computerScore={0}
          deal={[Function]}
          hit={[Function]}
          message="Press 'Deal' to start the game"
          playerScore={0}
          stand={[Function]}
/>,
        <Hand
          cards={
                    Array [
                              "00",
                              "00",
                            ]
          }
/>,
      ],
    },
    "ref": null,
    "rendered": Array [
      Object {
        "instance": null,
        "key": undefined,
        "nodeType": "function",
        "props": Object {
          "cards": Array [
            "00",
            "00",
          ],
        },
        "ref": null,
        "rendered": null,
        "type": [Function],
      },
      Object {
        "instance": null,
        "key": undefined,
        "nodeType": "function",
        "props": Object {
          "computerScore": 0,
          "deal": [Function],
          "hit": [Function],
          "message": "Press 'Deal' to start the game",
          "playerScore": 0,
          "stand": [Function],
        },
        "ref": null,
        "rendered": null,
        "type": [Function],
      },
      Object {
        "instance": null,
        "key": undefined,
        "nodeType": "function",
        "props": Object {
          "cards": Array [
            "00",
            "00",
          ],
        },
        "ref": null,
        "rendered": null,
        "type": [Function],
      },
    ],
    "type": "div",
  },
  Symbol(enzyme.__nodes__): Array [
    Object {
      "instance": null,
      "key": undefined,
      "nodeType": "host",
      "props": Object {
        "children": Array [
          <Hand
            cards={
                        Array [
                                    "00",
                                    "00",
                                  ]
            }
/>,
          <Interface
            computerScore={0}
            deal={[Function]}
            hit={[Function]}
            message="Press 'Deal' to start the game"
            playerScore={0}
            stand={[Function]}
/>,
          <Hand
            cards={
                        Array [
                                    "00",
                                    "00",
                                  ]
            }
/>,
        ],
      },
      "ref": null,
      "rendered": Array [
        Object {
          "instance": null,
          "key": undefined,
          "nodeType": "function",
          "props": Object {
            "cards": Array [
              "00",
              "00",
            ],
          },
          "ref": null,
          "rendered": null,
          "type": [Function],
        },
        Object {
          "instance": null,
          "key": undefined,
          "nodeType": "function",
          "props": Object {
            "computerScore": 0,
            "deal": [Function],
            "hit": [Function],
            "message": "Press 'Deal' to start the game",
            "playerScore": 0,
            "stand": [Function],
          },
          "ref": null,
          "rendered": null,
          "type": [Function],
        },
        Object {
          "instance": null,
          "key": undefined,
          "nodeType": "function",
          "props": Object {
            "cards": Array [
              "00",
              "00",
            ],
          },
          "ref": null,
          "rendered": null,
          "type": [Function],
        },
      ],
      "type": "div",
    },
  ],
  Symbol(enzyme.__options__): Object {
    "adapter": ReactSixteenAdapter {
      "options": Object {
        "enableComponentDidUpdateOnSetState": true,
      },
    },
  },
}
`;
